// Jest Snapshot v1, https://goo.gl/fbAQLP

exports[`renders correctly 1`] = `
<div
  className="sc-gKsewC jiYbnw"
>
  <div>
    <div
      className="sc-jSgupP gPImzZ"
    >
      <div>
        <image
          className="sc-hKgILt fNbktM"
        >
          <a
            href="/"
          >
            <img
              alt="logo"
              src="fetchr.png"
            />
          </a>
        </image>
        Find your canine Match on Fetchr!
        <br />
        <br />
        Choose ‚ù§Ô∏è or üíî and if they ‚ù§Ô∏è you...
        <br />
        <br />
        It's a match!
        <br />
        <br />
        <div
          className="sc-eCssSg cRgFNj"
          onClick={[Function]}
        >
          <h2>
            Next Dog 
          </h2>
        </div>
        <div />
      </div>
    </div>
  </div>
</div>
`;
